(TranslationUnit
    (SymbolTable
        1
        {
            f:
                (Function
                    (SymbolTable
                        2
                        {
                            __return_var:
                                (Variable
                                    2
                                    __return_var
                                    []
                                    ReturnVar
                                    ()
                                    ()
                                    Default
                                    (Integer 4)
                                    ()
                                    Source
                                    Public
                                    Required
                                    .false.
                                ),
                            result:
                                (Variable
                                    2
                                    result
                                    []
                                    Local
                                    ()
                                    ()
                                    Default
                                    (Integer 4)
                                    ()
                                    Source
                                    Public
                                    Required
                                    .false.
                                ),
                            x:
                                (Variable
                                    2
                                    x
                                    []
                                    InOut
                                    ()
                                    ()
                                    Default
                                    (Integer 4)
                                    ()
                                    Source
                                    Public
                                    Required
                                    .false.
                                )
                        })
                    f
                    (FunctionType
                        [(Integer 4)]
                        (Integer 4)
                        Source
                        Implementation
                        ()
                        .false.
                        .false.
                        .false.
                        .false.
                        .false.
                        []
                        .false.
                    )
                    []
                    [(Var 2 x)]
                    [(=
                        (Var 2 result)
                        (IntegerBinOp
                            (Var 2 x)
                            Div
                            (IntegerConstant 42 (Integer 4))
                            (Integer 4)
                            ()
                        )
                        ()
                    )
                    (=
                        (Var 2 __return_var)
                        (Var 2 result)
                        ()
                    )
                    (Return)]
                    (Var 2 __return_var)
                    Public
                    .false.
                    .false.
                    ()
                )
        })
    []
)
