libc++abi: terminating due to uncaught exception of type std::runtime_error: arr2_data is marked as read only.
