; ModuleID = 'LFortran'
source_filename = "LFortran"

define i32 @f(i32* %x) {
.entry:
  %__return_var = alloca i32, align 4
  %result = alloca i32, align 4
  %0 = load i32, i32* %x, align 4
  %1 = sdiv i32 %0, 42
  store i32 %1, i32* %result, align 4
  %2 = load i32, i32* %result, align 4
  store i32 %2, i32* %__return_var, align 4
  br label %return

unreachable_after_return:                         ; No predecessors!
  br label %return

return:                                           ; preds = %unreachable_after_return, %.entry
  %3 = load i32, i32* %__return_var, align 4
  ret i32 %3
}
